#                                                                            --- full sequence --- -------------- this domain -------------   hmm coord   ali coord   env coord
# target name        accession   tlen query name           accession   qlen   E-value  score  bias   #  of  c-Evalue  i-Evalue  score  bias  from    to  from    to  from    to  acc description of target
#------------------- ---------- ----- -------------------- ---------- ----- --------- ------ ----- --- --- --------- --------- ------ ----- ----- ----- ----- ----- ----- ----- ---- ---------------------
wnt                  PF00110.12   310 sp|P56705|WNT4_HUMAN -            351  1.2e-125  418.5  23.4   1   1  2.2e-129  1.3e-125  418.3  16.2     2   310    43   351    42   351 0.97 wnt family
MEF2_binding         PF09047.3     35 sp|P56705|WNT4_HUMAN -            351      0.17   11.2   1.0   1   1   6.4e-05      0.38   10.1   0.7     3    21    31    50    30    51 0.84 MEF2 binding
